// Jest Snapshot v1, https://goo.gl/fbAQLP

exports[`Input snapshot 1`] = `
<DocumentFragment>
  <div
    class="input mb-sm form-group"
  >
    <input
      class="input__field"
      id="name"
      placeholder="color-primary"
      type="text"
      value="#cc0000"
    />
    <p
      class="visibility-hidden"
    />
  </div>
</DocumentFragment>
`;
